// Jest Snapshot v1, https://goo.gl/fbAQLP

exports[`Counter Component debe hacer match con el snapshot 1`] = `
<h2>Titulo por defecto!</h2>
<p>7 <sup>2</sup> = function () { [native code] }</p>
<div><button>+1</button><button>-1</button></div>
`;
