// Jest Snapshot v1, https://goo.gl/fbAQLP

exports[`Indecision Component Debe hacer match con el snapshot 1`] = `
<h1>Indecision</h1>
<!--v-if-->
<div class="bg-dark"></div>
<div class="indecision-container"><input type="text" placeholder="Haceme una pregunta">
  <p>Recorda terminar con un signo de interrogaci√≥n(?)</p>
  <!--v-if-->
</div>
`;
